
Allocating common symbols
Common symbol       size              file

netbufpool          0x4               binaries/net.o
readylist           0x2               binaries/ready.o
rfltab              0x5a0             binaries/rflinit.o
sleepq              0x2               binaries/clkinit.o
PAGE_SERVER_STATUS  0x1               binaries/initialize.o
nnames              0x4               binaries/naminit.o
udptab              0x168             binaries/udp.o
minheap             0x4               binaries/meminit.o
marks               0x50              binaries/mark.o
currpid             0x4               binaries/initialize.o
Lf_data             0x20c             binaries/lfsinit.o
porttab             0x2d0             binaries/ptinit.o
girmask             0x2               binaries/evec.o
ttytab              0x10c             binaries/ttyinit.o
bs_sem              0x4               binaries/psinit.o
proctab             0x1db0            binaries/initialize.o
prcount             0x4               binaries/initialize.o
lfltab              0xf00             binaries/lflinit.o
invertpagetable     0xc000            binaries/initialize.o
rdstab              0x8c              binaries/rdsinit.o
ethertab            0x138             binaries/ethinit.o
NetData             0xa8              binaries/net.o
nmarks              0x4               binaries/mark.o
Defer               0x8               binaries/resched.o
err_code            0x4               binaries/page_isr_c.o
semtab              0x4b0             binaries/initialize.o
maxheap             0x4               binaries/meminit.o
preempt             0x4               binaries/clkinit.o
buftab              0xf0              binaries/bufinit.o
Rf_data             0x18              binaries/rfsinit.o
mkmutex             0x4               binaries/mark.o
bstab               0x80              binaries/psinit.o
clktime             0x4               binaries/clkinit.o
arpcache            0x140             binaries/arp.o
icmptab             0x230             binaries/icmp.o
nbpools             0x4               binaries/bufinit.o
queuetab            0x980             binaries/queue.o
policy              0x4               binaries/initialize_paging.o
page_head           0x4               binaries/initialize.o
ptnextid            0x4               binaries/ptinit.o
Ram                 0x19000           binaries/raminit.o
ipoqueue            0x2c              binaries/ip.o
bs_init_sem         0x4               binaries/initialize.o
memlist             0x8               binaries/initialize.o
nametab             0x19a0            binaries/naminit.o
ptfree              0x4               binaries/ptinit.o

Memory Configuration

Name             Origin             Length             Attributes
*default*        0x0000000000000000 0xffffffffffffffff

Linker script and memory map

                0x0000000000100000                physbase = 0x100000
                0x0000000000100000                . = physbase
                0x0000000000100000                . = ALIGN (0x1000)

.text           0x0000000000100000    0x16000
                0x0000000000100000                text = ABSOLUTE (.)
 *(.text .text.*)
 .text          0x0000000000100000      0x14c binaries/start.o
                0x0000000000100028                start
                0x000000000010009a                inb
                0x00000000001000a2                inw
                0x00000000001000ab                inl
                0x00000000001000b3                outb
                0x00000000001000bd                outw
                0x00000000001000c8                outl
                0x00000000001000d2                _rtcin
                0x00000000001000dd                ___udivsi3
                0x00000000001000e8                ___divsi3
                0x00000000001000f4                sbzero
                0x0000000000100104                bcopy
                0x0000000000100118                insw
                0x000000000010012e                outsw
                0x0000000000100144                lidt
 .text          0x000000000010014c      0x2d8 binaries/ascdate.o
                0x000000000010014c                ascdate
 .text          0x0000000000100424       0x10 binaries/bufinit.o
                0x0000000000100424                bufinit
 .text          0x0000000000100434       0x63 binaries/chprio.o
                0x0000000000100434                chprio
 .text          0x0000000000100497       0x73 binaries/clkhandler.o
                0x0000000000100497                clkhandler
 .text          0x000000000010050a       0x59 binaries/clkinit.o
                0x000000000010050a                clkinit
 .text          0x0000000000100563       0x56 binaries/close.o
                0x0000000000100563                close
 .text          0x00000000001005b9        0x0 binaries/conf.o
 .text          0x00000000001005b9       0x5f binaries/control.o
                0x00000000001005b9                control
 .text          0x0000000000100618      0x23d binaries/create.o
                0x0000000000100618                create
 .text          0x0000000000100855      0x205 binaries/early_imr.o
                0x0000000000100855                intel_cln_early_sb_read_reg
                0x00000000001008ad                intel_cln_early_sb_write_reg
                0x000000000010095c                remove_irm_protections
 .text          0x0000000000100a5a       0x1a binaries/enable_paging.o
                0x0000000000100a5a                enable_paging
 .text          0x0000000000100a74      0x2d8 binaries/evec.o
                0x0000000000100a74                setirmask
                0x0000000000100aa8                set_evec
                0x0000000000100b04                initevec
                0x0000000000100bd3                trap
 .text          0x0000000000100d4c       0x78 binaries/freebuf.o
                0x0000000000100d4c                freebuf
 .text          0x0000000000100dc4      0x106 binaries/freemem.o
                0x0000000000100dc4                freemem
 .text          0x0000000000100eca       0x65 binaries/getbuf.o
                0x0000000000100eca                getbuf
 .text          0x0000000000100f2f       0x56 binaries/getc.o
                0x0000000000100f2f                getc
 .text          0x0000000000100f85       0x63 binaries/getdev.o
                0x0000000000100f85                getdev
 .text          0x0000000000100fe8       0x77 binaries/getitem.o
                0x0000000000100fe8                getitem
                0x0000000000101014                getfirst
                0x0000000000101037                getlast
 .text          0x000000000010105f       0xc2 binaries/getmem.o
                0x000000000010105f                getmem
 .text          0x0000000000101121       0x3c binaries/getpage.o
                0x0000000000101121                getpage
 .text          0x000000000010115d       0x28 binaries/getpage_old.o
                0x000000000010115d                getpage_old
 .text          0x0000000000101185        0x6 binaries/getpid.o
                0x0000000000101185                getpid
 .text          0x000000000010118b       0x58 binaries/getprio.o
                0x000000000010118b                getprio
 .text          0x00000000001011e3       0xa6 binaries/getstk.o
                0x00000000001011e3                getstk
 .text          0x0000000000101289       0x34 binaries/gettime.o
                0x0000000000101289                gettime
 .text          0x00000000001012bd      0x193 binaries/getutime.o
                0x00000000001012bd                getutime
 .text          0x0000000000101450      0x152 binaries/identity_paging.o
                0x0000000000101450                identity_mapping
 .text          0x00000000001015a2       0x56 binaries/init.o
                0x00000000001015a2                init
 .text          0x00000000001015f8      0x2ce binaries/initialize.o
                0x00000000001015f8                nulluser
                0x0000000000101881                stop
                0x00000000001018a3                delay
 .text          0x00000000001018c6      0x169 binaries/initialize_paging.o
                0x00000000001018c6                initialize_paging
 .text          0x0000000000101a2f       0x99 binaries/insert.o
                0x0000000000101a2f                insert
 .text          0x0000000000101ac8       0xe2 binaries/insertd.o
                0x0000000000101ac8                insertd
 .text          0x0000000000101baa      0x218 binaries/inverted_page_table.o
                0x0000000000101baa                allocate_frame
                0x0000000000101db5                frame2addr
 .text          0x0000000000101dc2        0x6 binaries/ioerr.o
                0x0000000000101dc2                ioerr
 .text          0x0000000000101dc8        0x6 binaries/ionull.o
                0x0000000000101dc8                ionull
 .text          0x0000000000101dce      0x16c binaries/kill.o
                0x0000000000101dce                kill
 .text          0x0000000000101f3a       0xa5 binaries/kprintf.o
                0x0000000000101f3a                kputc
                0x0000000000101f69                console_init
                0x0000000000101f9b                kgetc
                0x0000000000101fbd                kprintf
 .text          0x0000000000101fdf       0x62 binaries/main.o
                0x0000000000101fdf                main
 .text          0x0000000000102041       0x93 binaries/mark.o
                0x0000000000102041                markinit
                0x000000000010205e                mark
 .text          0x00000000001020d4       0xa9 binaries/meminit.o
                0x00000000001020d4                meminit
                0x0000000000102111                setsegs
 .text          0x000000000010217d      0x12a binaries/mkbufpool.o
                0x000000000010217d                mkbufpool
 .text          0x00000000001022a7       0x5e binaries/newqueue.o
                0x00000000001022a7                newqueue
 .text          0x0000000000102305       0x5e binaries/open.o
                0x0000000000102305                open
 .text          0x0000000000102363      0x1fb binaries/page_isr_c.o
                0x0000000000102363                page_isr_c
                0x000000000010253c                bs_page
                0x0000000000102549                pd
                0x0000000000102551                pt
 .text          0x000000000010255e       0x1e binaries/panic.o
                0x000000000010255e                panic
 .text          0x000000000010257c      0x27c binaries/pci.o
                0x000000000010257c                pci_init
                0x0000000000102582                find_pci_device
                0x0000000000102640                pci_read_config_byte
                0x000000000010267d                pci_read_config_word
                0x00000000001026bc                pci_read_config_dword
                0x00000000001026f9                pci_write_config_byte
                0x0000000000102734                pci_write_config_word
                0x0000000000102770                pci_write_config_dword
                0x00000000001027ab                pci_get_dev_mmio_base_addr
 .text          0x00000000001027f8       0x4f binaries/platinit.o
                0x00000000001027f8                platinit
 .text          0x0000000000102847       0xa3 binaries/ptclear.o
                0x0000000000102847                _ptclear
 .text          0x00000000001028ea       0x7c binaries/ptcount.o
                0x00000000001028ea                ptcount
 .text          0x0000000000102966      0x101 binaries/ptcreate.o
                0x0000000000102966                ptcreate
 .text          0x0000000000102a67       0x64 binaries/ptdelete.o
                0x0000000000102a67                ptdelete
 .text          0x0000000000102acb       0x8e binaries/ptinit.o
                0x0000000000102acb                ptinit
 .text          0x0000000000102b59       0xec binaries/ptrecv.o
                0x0000000000102b59                ptrecv
 .text          0x0000000000102c45       0x67 binaries/ptreset.o
                0x0000000000102c45                ptreset
 .text          0x0000000000102cac      0x10d binaries/ptsend.o
                0x0000000000102cac                ptsend
 .text          0x0000000000102db9       0x5c binaries/putc.o
                0x0000000000102db9                putc
 .text          0x0000000000102e15       0xb6 binaries/quark_irq.o
                0x0000000000102e15                quark_irq_routing
 .text          0x0000000000102ecb      0x19d binaries/quark_pdat.o
                0x0000000000102ecb                get_quark_pdat_entry_data_by_id
                0x0000000000102f98                get_quark_pdat_entry_data_by_desc
 .text          0x0000000000103068       0xac binaries/queue.o
                0x0000000000103068                enqueue
                0x00000000001030c9                dequeue
 .text          0x0000000000103114       0x5e binaries/read.o
                0x0000000000103114                read
 .text          0x0000000000103172        0x8 binaries/read_cr0.o
                0x0000000000103172                read_cr0
 .text          0x000000000010317a       0x67 binaries/ready.o
                0x000000000010317a                ready
 .text          0x00000000001031e1       0x5e binaries/receive.o
                0x00000000001031e1                receive
 .text          0x000000000010323f       0x4d binaries/recvclr.o
                0x000000000010323f                recvclr
 .text          0x000000000010328c       0xb1 binaries/recvtime.o
                0x000000000010328c                recvtime
 .text          0x000000000010333d      0x161 binaries/resched.o
                0x000000000010333d                resched
                0x000000000010342b                resched_cntl
 .text          0x000000000010349e       0x79 binaries/resume.o
                0x000000000010349e                resume
 .text          0x0000000000103517       0x5a binaries/seek.o
                0x0000000000103517                seek
 .text          0x0000000000103571       0x4f binaries/semcount.o
                0x0000000000103571                semcount
 .text          0x00000000001035c0       0x8a binaries/semcreate.o
                0x00000000001035c0                semcreate
 .text          0x000000000010364a       0xc8 binaries/semdelete.o
                0x000000000010364a                semdelete
 .text          0x0000000000103712       0xa7 binaries/semreset.o
                0x0000000000103712                semreset
 .text          0x00000000001037b9       0xba binaries/send.o
                0x00000000001037b9                send
 .text          0x0000000000103873       0x95 binaries/signal.o
                0x0000000000103873                signal
 .text          0x0000000000103908       0xba binaries/signaln.o
                0x0000000000103908                signaln
 .text          0x00000000001039c2       0xc2 binaries/sleep.o
                0x00000000001039c2                sleepms
                0x0000000000103a4e                sleep
 .text          0x0000000000103a84      0x18a binaries/stacktrace.o
                0x0000000000103a84                stacktrace
 .text          0x0000000000103c0e       0xb6 binaries/suspend.o
                0x0000000000103c0e                suspend
 .text          0x0000000000103cc4      0x1ad binaries/test.o
                0x0000000000103cc4                test1
                0x0000000000103dd2                test2
 .text          0x0000000000103e71       0x93 binaries/unsleep.o
                0x0000000000103e71                unsleep
 .text          0x0000000000103f04       0x15 binaries/userret.o
                0x0000000000103f04                userret
 .text          0x0000000000103f19      0x264 binaries/vcreate.o
                0x0000000000103f19                vcreate
 .text          0x000000000010417d       0x61 binaries/vfreemem.o
                0x000000000010417d                vfreemem
 .text          0x00000000001041de       0x36 binaries/vgetmem.o
                0x00000000001041de                vgetmem
 .text          0x0000000000104214      0x235 binaries/vmemlist.o
                0x0000000000104214                create_node
                0x0000000000104222                create_vlist
                0x000000000010423c                delete_node
                0x000000000010424e                get_vaddress
                0x0000000000104302                free_vaddress
                0x000000000010440f                display_freemem
 .text          0x0000000000104449       0xb3 binaries/wait.o
                0x0000000000104449                wait
 .text          0x00000000001044fc       0x6d binaries/wakeup.o
                0x00000000001044fc                wakeup
 .text          0x0000000000104569       0x5e binaries/write.o
                0x0000000000104569                write
 .text          0x00000000001045c7        0xa binaries/write_cr0.o
                0x00000000001045c7                write_cr0
 .text          0x00000000001045d1       0x1c binaries/write_cr3.o
                0x00000000001045d1                write_cr3
 .text          0x00000000001045ed       0x16 binaries/xdone.o
                0x00000000001045ed                xdone
 .text          0x0000000000104603       0x23 binaries/yield.o
                0x0000000000104603                yield
 .text          0x0000000000104626        0xe binaries/abs.o
                0x0000000000104626                abs
 .text          0x0000000000104634       0x81 binaries/atoi.o
                0x0000000000104634                atoi
 .text          0x00000000001046b5       0x81 binaries/atol.o
                0x00000000001046b5                atol
 .text          0x0000000000104736       0x18 binaries/bzero.o
                0x0000000000104736                bzero
 .text          0x000000000010474e        0x0 binaries/ctype_.o
 .text          0x000000000010474e      0x6e4 binaries/doprnt.o
                0x00000000001048a2                _doprnt
 .text          0x0000000000104e32      0x69b binaries/doscan.o
                0x0000000000104e32                _doscan
 .text          0x00000000001054cd      0x723 binaries/fdoprnt.o
                0x0000000000105551                _fdoprnt
 .text          0x0000000000105bf0       0x1c binaries/fgetc.o
                0x0000000000105bf0                fgetc
 .text          0x0000000000105c0c       0x62 binaries/fgets.o
                0x0000000000105c0c                fgets
 .text          0x0000000000105c6e       0x23 binaries/fprintf.o
                0x0000000000105c6e                fprintf
 .text          0x0000000000105c91       0x29 binaries/fputc.o
                0x0000000000105c91                fputc
 .text          0x0000000000105cba       0x3b binaries/fputs.o
                0x0000000000105cba                fputs
 .text          0x0000000000105cf5       0x6a binaries/fscanf.o
                0x0000000000105d2f                fscanf
 .text          0x0000000000105d5f       0x20 binaries/getchar.o
                0x0000000000105d5f                getchar
 .text          0x0000000000105d7f        0xe binaries/labs.o
                0x0000000000105d7f                labs
 .text          0x0000000000105d8d       0x32 binaries/memchr.o
                0x0000000000105d8d                memchr
 .text          0x0000000000105dbf       0x49 binaries/memcmp.o
                0x0000000000105dbf                memcmp
 .text          0x0000000000105e08       0x25 binaries/memcpy.o
                0x0000000000105e08                memcpy
 .text          0x0000000000105e2d       0x1e binaries/memset.o
                0x0000000000105e2d                memset
 .text          0x0000000000105e4b       0x33 binaries/printf.o
                0x0000000000105e4b                printf
 .text          0x0000000000105e7e       0x24 binaries/putchar.o
                0x0000000000105e7e                putchar
 .text          0x0000000000105ea2      0x1c8 binaries/qsort.o
                0x000000000010603f                qsort
 .text          0x000000000010606a       0x45 binaries/rand.o
                0x000000000010606a                srand
                0x0000000000106074                rand
 .text          0x00000000001060af       0x49 binaries/sprintf.o
                0x00000000001060c6                sprintf
 .text          0x00000000001060f8       0x57 binaries/sscanf.o
                0x0000000000106121                sscanf
 .text          0x000000000010614f       0x2d binaries/strchr.o
                0x000000000010614f                strchr
 .text          0x000000000010617c       0x43 binaries/strcmp.o
                0x000000000010617c                strcmp
 .text          0x00000000001061bf       0x1a binaries/strcpy.o
                0x00000000001061bf                strcpy
 .text          0x00000000001061d9       0x1c binaries/strlen.o
                0x00000000001061d9                strlen
 .text          0x00000000001061f5       0x3c binaries/strncat.o
                0x00000000001061f5                strncat
 .text          0x0000000000106231       0x3a binaries/strncmp.o
                0x0000000000106231                strncmp
 .text          0x000000000010626b       0x58 binaries/strncpy.o
                0x000000000010626b                strncpy
 .text          0x00000000001062c3       0x36 binaries/strnlen.o
                0x00000000001062c3                strnlen
 .text          0x00000000001062f9       0x30 binaries/strrchr.o
                0x00000000001062f9                strrchr
 .text          0x0000000000106329       0x66 binaries/strstr.o
                0x0000000000106329                strstr
 .text          0x000000000010638f      0x10a binaries/ttycontrol.o
                0x000000000010638f                ttycontrol
 .text          0x0000000000106499       0xaa binaries/ttygetc.o
                0x0000000000106499                ttygetc
 .text          0x0000000000106543      0x477 binaries/ttyhandle_in.o
                0x00000000001065f9                ttyhandle_in
 .text          0x00000000001069ba      0x16e binaries/ttyhandle_out.o
                0x00000000001069ba                ttyhandle_out
 .text          0x0000000000106b28       0x84 binaries/ttyhandler.o
                0x0000000000106b28                ttyhandler
 .text          0x0000000000106bac      0x157 binaries/ttyinit.o
                0x0000000000106bac                ttyinit
 .text          0x0000000000106d03        0xc binaries/ttykickout.o
                0x0000000000106d03                ttykickout
 .text          0x0000000000106d0f       0xac binaries/ttyputc.o
                0x0000000000106d0f                ttyputc
 .text          0x0000000000106dbb       0xf3 binaries/ttyread.o
                0x0000000000106dbb                ttyread
 .text          0x0000000000106eae       0x46 binaries/ttywrite.o
                0x0000000000106eae                ttywrite
 .text          0x0000000000106ef4      0x125 binaries/mount.o
                0x0000000000106ef4                namlen
                0x0000000000106f2c                mount
 .text          0x0000000000107019      0x196 binaries/naminit.o
                0x0000000000107019                naminit
 .text          0x00000000001071af      0x1ff binaries/nammap.o
                0x00000000001071af                namrepl
                0x00000000001072d0                namcpy
                0x000000000010731d                nammap
 .text          0x00000000001073ae       0x4e binaries/namopen.o
                0x00000000001073ae                namopen
 .text          0x00000000001073fc       0xce binaries/colon2mac.o
                0x00000000001073fc                colon2mac
 .text          0x00000000001074ca       0x81 binaries/ethcontrol.o
                0x00000000001074ca                ethcontrol
 .text          0x000000000010754b      0x172 binaries/ethhandler.o
                0x000000000010754b                ethhandler
 .text          0x00000000001076bd      0x550 binaries/ethinit.o
                0x00000000001076bd                eth_phy_read
                0x00000000001076fa                eth_phy_write
                0x000000000010773a                eth_phy_reset
                0x0000000000107814                ethinit
 .text          0x0000000000107c0d       0xff binaries/ethmcast.o
                0x0000000000107c0d                ethmcast_add
                0x0000000000107c5a                ethmcast_remove
 .text          0x0000000000107d0c      0x174 binaries/ethread.o
                0x0000000000107d0c                ethread
 .text          0x0000000000107e80       0xbd binaries/ethwrite.o
                0x0000000000107e80                ethwrite
 .text          0x0000000000107f3d       0x66 binaries/rdsbufalloc.o
                0x0000000000107f3d                rdsbufalloc
 .text          0x0000000000107fa3       0xcd binaries/rdsclose.o
                0x0000000000107fa3                rdsclose
 .text          0x0000000000108070      0x1e7 binaries/rdscomm.o
                0x0000000000108070                rdscomm
 .text          0x0000000000108257      0x1c2 binaries/rdscontrol.o
                0x0000000000108257                rdscontrol
 .text          0x0000000000108419      0x1a0 binaries/rdsinit.o
                0x0000000000108419                rdsinit
 .text          0x00000000001085b9      0x1a1 binaries/rdsopen.o
                0x00000000001085b9                rdsopen
 .text          0x000000000010875a      0x313 binaries/rdsprocess.o
                0x000000000010875a                rdsprocess
 .text          0x0000000000108a6d      0x1e2 binaries/rdsread.o
                0x0000000000108a6d                rdsread
 .text          0x0000000000108c4f      0x1ac binaries/rdswrite.o
                0x0000000000108c4f                rdswrite
 .text          0x0000000000108dfb        0x6 binaries/ramclose.o
                0x0000000000108dfb                ramclose
 .text          0x0000000000108e01       0x34 binaries/raminit.o
                0x0000000000108e01                raminit
 .text          0x0000000000108e35        0x7 binaries/ramopen.o
                0x0000000000108e35                ramopen
 .text          0x0000000000108e3c       0x27 binaries/ramread.o
                0x0000000000108e3c                ramread
 .text          0x0000000000108e63       0x27 binaries/ramwrite.o
                0x0000000000108e63                ramwrite
 .text          0x0000000000108e8a       0x87 binaries/lfdballoc.o
                0x0000000000108e8a                lfdballoc
 .text          0x0000000000108f11       0x4d binaries/lfdbfree.o
                0x0000000000108f11                lfdbfree
 .text          0x0000000000108f5e       0x9f binaries/lfflush.o
                0x0000000000108f5e                lfflush
 .text          0x0000000000108ffd       0x7a binaries/lfgetmode.o
                0x0000000000108ffd                lfgetmode
 .text          0x0000000000109077       0x5f binaries/lfiballoc.o
                0x0000000000109077                lfiballoc
 .text          0x00000000001090d6       0x25 binaries/lfibclear.o
                0x00000000001090d6                lfibclear
 .text          0x00000000001090fb       0x74 binaries/lfibget.o
                0x00000000001090fb                lfibget
 .text          0x000000000010916f       0x91 binaries/lfibput.o
                0x000000000010916f                lfibput
 .text          0x0000000000109200       0xa1 binaries/lflclose.o
                0x0000000000109200                lflclose
 .text          0x00000000001092a1       0xbe binaries/lflcontrol.o
                0x00000000001092a1                lflcontrol
 .text          0x000000000010935f       0xf7 binaries/lflgetc.o
                0x000000000010935f                lflgetc
 .text          0x0000000000109456       0xe4 binaries/lflinit.o
                0x0000000000109456                lflinit
 .text          0x000000000010953a      0x12d binaries/lflputc.o
                0x000000000010953a                lflputc
 .text          0x0000000000109667       0x6a binaries/lflread.o
                0x0000000000109667                lflread
 .text          0x00000000001096d1       0xb8 binaries/lflseek.o
                0x00000000001096d1                lflseek
 .text          0x0000000000109789       0x4e binaries/lflwrite.o
                0x0000000000109789                lflwrite
 .text          0x00000000001097d7      0x11a binaries/lfsckfmt.o
                0x00000000001097d7                lfsckfmt
 .text          0x00000000001098f1      0x1bd binaries/lfscreate.o
                0x00000000001098f1                lfscreate
 .text          0x0000000000109aae      0x1a4 binaries/lfsetup.o
                0x0000000000109aae                lfsetup
 .text          0x0000000000109c52       0x44 binaries/lfsinit.o
                0x0000000000109c52                lfsinit
 .text          0x0000000000109c96      0x303 binaries/lfsopen.o
                0x0000000000109c96                lfsopen
 .text          0x0000000000109f99      0x11d binaries/lftruncate.o
                0x0000000000109f99                lftruncate
 .text          0x000000000010a0b6       0x69 binaries/rflclose.o
                0x000000000010a0b6                rflclose
 .text          0x000000000010a11f       0x2b binaries/rflgetc.o
                0x000000000010a11f                rflgetc
 .text          0x000000000010a14a       0x69 binaries/rflinit.o
                0x000000000010a14a                rflinit
 .text          0x000000000010a1b3       0x2c binaries/rflputc.o
                0x000000000010a1b3                rflputc
 .text          0x000000000010a1df      0x2c8 binaries/rflread.o
                0x000000000010a1df                rflread
 .text          0x000000000010a4a7       0x69 binaries/rflseek.o
                0x000000000010a4a7                rflseek
 .text          0x000000000010a510      0x2ec binaries/rflwrite.o
                0x000000000010a510                rflwrite
 .text          0x000000000010a7fc      0x17d binaries/rfscomm.o
                0x000000000010a7fc                rfscomm
 .text          0x000000000010a979      0x246 binaries/rfscontrol.o
                0x000000000010a979                rfscontrol
 .text          0x000000000010abbf       0x7a binaries/rfsgetmode.o
                0x000000000010abbf                rfsgetmode
 .text          0x000000000010ac39       0x7d binaries/rfsinit.o
                0x000000000010ac39                rfsinit
 .text          0x000000000010acb6       0xb7 binaries/rfsndmsg.o
                0x000000000010acb6                rfsndmsg
 .text          0x000000000010ad6d      0x24f binaries/rfsopen.o
                0x000000000010ad6d                rfsopen
 .text          0x000000000010afbc      0x619 binaries/arp.o
                0x000000000010afbc                arp_init
                0x000000000010afd4                arp_alloc
                0x000000000010b078                arp_ntoh
                0x000000000010b0e2                arp_hton
                0x000000000010b14c                arp_resolve
                0x000000000010b39e                arp_in
 .text          0x000000000010b5d5      0x5a3 binaries/dhcp.o
                0x000000000010b5d5                dhcp_get_opt_val
                0x000000000010b628                dhcp_bld_bootp_msg
                0x000000000010b6f6                dhcp_bld_disc
                0x000000000010b746                dhcp_bld_req
                0x000000000010b7e0                getlocalip
 .text          0x000000000010bb78       0xcc binaries/dot2ip.o
                0x000000000010bb78                dot2ip
 .text          0x000000000010bc44      0x378 binaries/hexdump.o
                0x000000000010bc44                hexdump
                0x000000000010bd93                hexadump
 .text          0x000000000010bfbc      0x6e6 binaries/icmp.o
                0x000000000010bfbc                icmp_init
                0x000000000010bfd4                icmp_register
                0x000000000010c092                icmp_recv
                0x000000000010c235                icmp_mkpkt
                0x000000000010c306                icmp_in
                0x000000000010c49a                icmp_send
                0x000000000010c509                icmp_release
                0x000000000010c621                icmp_cksum
                0x000000000010c67a                icmp_hton
                0x000000000010c68e                icmp_ntoh
 .text          0x000000000010c6a2      0x5d0 binaries/ip.o
                0x000000000010c6a2                ip_local
                0x000000000010c6e2                ipcksum
                0x000000000010c735                ip_ntoh
                0x000000000010c79f                ip_in
                0x000000000010c8c2                ip_hton
                0x000000000010c92c                ip_out
                0x000000000010c9df                ip_send
                0x000000000010caea                ipout
                0x000000000010cbda                ip_enqueue
 .text          0x000000000010cc72      0x1a8 binaries/net.o
                0x000000000010cc72                net_init
                0x000000000010cd68                eth_hton
                0x000000000010cd72                eth_ntoh
                0x000000000010cd7c                netin
 .text          0x000000000010ce1a       0xb3 binaries/netstart.o
                0x000000000010ce1a                netstart
 .text          0x000000000010cecd      0xa2d binaries/pdump.o
                0x000000000010cecd                pdump
                0x000000000010d4b1                pdumph
 .text          0x000000000010d8fa      0x5bc binaries/tftp.o
                0x000000000010d8fa                tftp_send1
                0x000000000010da16                tftpget_mb
                0x000000000010de8f                tftpget
 .text          0x000000000010deb6      0xa03 binaries/udp.o
                0x000000000010deb6                udp_init
                0x000000000010def3                udp_in
                0x000000000010e012                udp_register
                0x000000000010e12f                udp_recv
                0x000000000010e2ba                udp_recvaddr
                0x000000000010e459                udp_send
                0x000000000010e614                udp_sendto
                0x000000000010e787                udp_release
                0x000000000010e891                udp_ntoh
                0x000000000010e8a5                udp_hton
 .text          0x000000000010e8b9      0x12e binaries/addargs.o
                0x000000000010e8b9                addargs
 .text          0x000000000010e9e7      0x1e2 binaries/lexan.o
                0x000000000010e9e7                lexan
 .text          0x000000000010ebc9      0x5b8 binaries/shell.o
                0x000000000010ebc9                shell
 .text          0x000000000010f181       0x57 binaries/xsh_argecho.o
                0x000000000010f181                xsh_argecho
 .text          0x000000000010f1d8      0x1ff binaries/xsh_arp.o
                0x000000000010f1d8                xsh_arp
 .text          0x000000000010f3d7      0x1f0 binaries/xsh_cat.o
                0x000000000010f3d7                xsh_cat
 .text          0x000000000010f5c7       0x54 binaries/xsh_clear.o
                0x000000000010f5c7                xsh_clear
 .text          0x000000000010f61b      0x29c binaries/xsh_date.o
                0x000000000010f61b                xsh_date
 .text          0x000000000010f8b7       0x84 binaries/xsh_devdump.o
                0x000000000010f8b7                xsh_devdump
 .text          0x000000000010f93b       0x5e binaries/xsh_echo.o
                0x000000000010f93b                xsh_echo
 .text          0x000000000010f999        0x6 binaries/xsh_exit.o
                0x000000000010f999                xsh_exit
 .text          0x000000000010f99f      0x32c binaries/xsh_help.o
                0x000000000010f99f                xsh_help
 .text          0x000000000010fccb      0x37d binaries/xsh_ipaddr.o
                0x000000000010fccb                xsh_ipaddr
 .text          0x0000000000110048      0x1c6 binaries/xsh_kill.o
                0x0000000000110048                xsh_kill
 .text          0x000000000011020e      0x3d4 binaries/xsh_memdump.o
                0x00000000001102d0                xsh_memdump
 .text          0x00000000001105e2      0x1cd binaries/xsh_memstat.o
                0x00000000001105e2                xsh_memstat
 .text          0x00000000001107af      0x2a3 binaries/xsh_ping.o
                0x00000000001107af                xsh_ping
 .text          0x0000000000110a52      0x1a2 binaries/xsh_ps.o
                0x0000000000110a52                xsh_ps
 .text          0x0000000000110bf4      0x1b0 binaries/xsh_sleep.o
                0x0000000000110bf4                xsh_sleep
 .text          0x0000000000110da4      0x1cd binaries/xsh_udpdump.o
                0x0000000000110da4                xsh_udpdump
 .text          0x0000000000110f71      0x3d4 binaries/xsh_udpecho.o
                0x0000000000110f71                xsh_udpecho
 .text          0x0000000000111345      0x221 binaries/xsh_udpeserver.o
                0x0000000000111345                xsh_udpeserver
 .text          0x0000000000111566      0x1b6 binaries/xsh_uptime.o
                0x0000000000111566                xsh_uptime
 .text          0x000000000011171c       0x90 binaries/allocate_bs.o
                0x000000000011171c                allocate_bs
 .text          0x00000000001117ac       0x6e binaries/close_bs.o
                0x00000000001117ac                close_bs
 .text          0x000000000011181a       0x99 binaries/deallocate_bs.o
                0x000000000011181a                deallocate_bs
 .text          0x00000000001118b3       0xc4 binaries/get_bs.o
                0x00000000001118b3                get_bs
 .text          0x0000000000111977       0x6e binaries/open_bs.o
                0x0000000000111977                open_bs
 .text          0x00000000001119e5       0xcb binaries/psinit.o
                0x00000000001119e5                psinit
 .text          0x0000000000111ab0      0x16c binaries/read_bs.o
                0x0000000000111ab0                read_bs
 .text          0x0000000000111c1c       0xa1 binaries/release_bs.o
                0x0000000000111c1c                release_bs
 .text          0x0000000000111cbd      0x139 binaries/write_bs.o
                0x0000000000111cbd                write_bs
 .text          0x0000000000111df6        0xe binaries/clkdisp.o
                0x0000000000111df6                clkdisp
 .text          0x0000000000111e04       0x19 binaries/ctxsw.o
                0x0000000000111e04                ctxsw
 .text          0x0000000000111e1d      0x36b binaries/intr.o
                0x0000000000111e1d                disable
                0x0000000000111e26                restore
                0x0000000000111e34                enable
                0x0000000000111e36                pause
                0x0000000000111e3d                halt
                0x0000000000111e43                spurious_irq7
                0x0000000000111e48                spurious_irq15
                0x0000000000111e57                _Xint0
                0x0000000000111e62                _Xint1
                0x0000000000111e6d                _Xint2
                0x0000000000111e78                _Xint3
                0x0000000000111e83                _Xint4
                0x0000000000111e8e                _Xint5
                0x0000000000111e99                _Xint6
                0x0000000000111ea4                _Xint7
                0x0000000000111eaf                _Xint8
                0x0000000000111eba                _Xint9
                0x0000000000111ec5                _Xint10
                0x0000000000111ed0                _Xint11
                0x0000000000111ede                _Xint12
                0x0000000000111eec                _Xint13
                0x0000000000111efa                _Xint14
                0x0000000000111f08                _Xint15
                0x0000000000111f16                _Xint16
                0x0000000000111f24                _Xint17
                0x0000000000111f32                _Xint18
                0x0000000000111f40                _Xint19
                0x0000000000111f4e                _Xint20
                0x0000000000111f5c                _Xint21
                0x0000000000111f6a                _Xint22
                0x0000000000111f78                _Xint23
                0x0000000000111f86                _Xint24
                0x0000000000111f94                _Xint25
                0x0000000000111fa2                _Xint26
                0x0000000000111fb0                _Xint27
                0x0000000000111fbe                _Xint28
                0x0000000000111fcc                _Xint29
                0x0000000000111fda                _Xint30
                0x0000000000111fe8                _Xint31
                0x0000000000111ff6                _Xint32
                0x0000000000112004                _Xint33
                0x0000000000112012                _Xint34
                0x0000000000112020                _Xint35
                0x000000000011202e                _Xint36
                0x000000000011203c                _Xint37
                0x000000000011204a                _Xint38
                0x0000000000112058                _Xint39
                0x0000000000112066                _Xint40
                0x0000000000112074                _Xint41
                0x0000000000112082                _Xint42
                0x0000000000112090                _Xint43
                0x000000000011209e                _Xint44
                0x00000000001120ac                _Xint45
                0x00000000001120ba                _Xint46
                0x00000000001120c8                defevec
 .text          0x0000000000112188       0x10 binaries/page_isr.o
                0x0000000000112188                page_isr
 .text          0x0000000000112198        0xf binaries/ttydispatch.o
                0x0000000000112198                ttydispatch
 .text          0x00000000001121a7       0x13 binaries/ethdispatch.o
                0x00000000001121a7                ethdispatch
 *(.rodata .rodata.*)
 .rodata.str1.1
                0x00000000001121ba       0x54 binaries/ascdate.o
 *fill*         0x000000000011220e        0x2 
 .rodata.str1.4
                0x0000000000112210       0x22 binaries/ascdate.o
 .rodata.str1.1
                0x0000000000112232       0x5f binaries/conf.o
 *fill*         0x0000000000112291        0x3 
 .rodata.str1.4
                0x0000000000112294       0x4f binaries/early_imr.o
 *fill*         0x00000000001122e3        0x1 
 .rodata        0x00000000001122e4       0x33 binaries/early_imr.o
 .rodata.str1.1
                0x0000000000112317      0x20c binaries/evec.o
 *fill*         0x0000000000112523        0x1 
 .rodata.str1.4
                0x0000000000112524       0x23 binaries/evec.o
 .rodata.str1.1
                0x0000000000112547        0xb binaries/getutime.o
 *fill*         0x0000000000112552        0x2 
 .rodata.str1.4
                0x0000000000112554       0x54 binaries/getutime.o
 .rodata.str1.1
                0x00000000001125a8       0x82 binaries/initialize.o
                                         0x86 (size before relaxing)
 *fill*         0x000000000011262a        0x2 
 .rodata.str1.4
                0x000000000011262c       0xf6 binaries/initialize.o
 *fill*         0x0000000000112722        0x2 
 .rodata.str1.4
                0x0000000000112724       0x81 binaries/inverted_page_table.o
 .rodata.str1.1
                0x00000000001127a5       0x17 binaries/inverted_page_table.o
 .rodata        0x00000000001127bc       0x20 binaries/kill.o
 .rodata.str1.1
                0x00000000001127dc       0x1a binaries/main.o
 .rodata.str1.1
                0x00000000001127f6       0x57 binaries/page_isr_c.o
 *fill*         0x000000000011284d        0x3 
 .rodata.str1.4
                0x0000000000112850       0x9a binaries/page_isr_c.o
 .rodata.str1.1
                0x00000000001128ea        0xf binaries/panic.o
 .rodata.str1.1
                0x00000000001128f9       0x1c binaries/ptinit.o
 *fill*         0x0000000000112915        0x3 
 .rodata.str1.4
                0x0000000000112918       0x25 binaries/ptsend.o
 .rodata.str1.1
                0x000000000011293d       0x22 binaries/quark_pdat.o
 *fill*         0x000000000011295f        0x1 
 .rodata.str1.4
                0x0000000000112960       0x63 binaries/stacktrace.o
 .rodata.str1.1
                0x00000000001129c3       0x52 binaries/stacktrace.o
 *fill*         0x0000000000112a15        0x3 
 .rodata.str1.4
                0x0000000000112a18       0x24 binaries/test.o
 .rodata.str1.1
                0x0000000000112a3c       0x13 binaries/test.o
                                         0x15 (size before relaxing)
 .rodata.str1.1
                0x0000000000112a4f       0x1d binaries/vcreate.o
 .rodata.str1.4
                0x0000000000112a6c       0x24 binaries/vfreemem.o
 .rodata.str1.4
                0x0000000000112a90       0x54 binaries/vmemlist.o
 .rodata.str1.1
                0x0000000000112ae4       0x27 binaries/vmemlist.o
                                         0x30 (size before relaxing)
 *fill*         0x0000000000112b0b        0x1 
 .rodata.str1.4
                0x0000000000112b0c       0x27 binaries/xdone.o
 *fill*         0x0000000000112b33        0xd 
 .rodata        0x0000000000112b40       0x81 binaries/ctype_.o
                0x0000000000112b40                _ctype_
 .rodata.str1.1
                0x0000000000112bc1       0x29 binaries/doprnt.o
 *fill*         0x0000000000112bea        0x2 
 .rodata        0x0000000000112bec       0xc4 binaries/doprnt.o
 .rodata        0x0000000000112cb0       0x98 binaries/doscan.o
 .rodata.str1.1
                0x0000000000112d48       0x29 binaries/fdoprnt.o
 .rodata        0x0000000000112d48       0x84 binaries/fdoprnt.o
 .rodata        0x0000000000112dcc       0x20 binaries/ttycontrol.o
 .rodata.str1.4
                0x0000000000112dec       0x4c binaries/naminit.o
 .rodata.str1.1
                0x0000000000112e38       0x32 binaries/naminit.o
                                         0x35 (size before relaxing)
 .rodata.str1.1
                0x0000000000112e6a       0x15 binaries/ethinit.o
 *fill*         0x0000000000112e7f        0x1 
 .rodata.str1.4
                0x0000000000112e80       0x2e binaries/ethinit.o
 *fill*         0x0000000000112eae        0x2 
 .rodata.str1.4
                0x0000000000112eb0       0x2c binaries/rdsbufalloc.o
 .rodata.str1.4
                0x0000000000112edc       0x76 binaries/rdscomm.o
 *fill*         0x0000000000112f52        0x2 
 .rodata.str1.4
                0x0000000000112f54       0x48 binaries/rdscontrol.o
 .rodata.str1.4
                0x0000000000112f9c       0x5a binaries/rdsinit.o
 .rodata.str1.1
                0x0000000000112ff6       0x10 binaries/rdsinit.o
 *fill*         0x0000000000113006        0x2 
 .rodata.str1.4
                0x0000000000113008       0x22 binaries/rdsopen.o
 *fill*         0x000000000011302a        0x2 
 .rodata.str1.4
                0x000000000011302c       0x4d binaries/rdsprocess.o
 .rodata.str1.1
                0x0000000000113079        0x9 binaries/raminit.o
 .rodata.str1.1
                0x0000000000113082       0x13 binaries/lfdballoc.o
 *fill*         0x0000000000113095        0x3 
 .rodata.str1.4
                0x0000000000113098       0x23 binaries/lfdballoc.o
 .rodata.str1.1
                0x00000000001130bb       0x14 binaries/lfiballoc.o
 *fill*         0x00000000001130cf        0x1 
 .rodata.str1.4
                0x00000000001130d0       0x23 binaries/lflcontrol.o
 .rodata.str1.1
                0x00000000001130f3       0x64 binaries/lfsckfmt.o
 *fill*         0x0000000000113157        0x1 
 .rodata.str1.4
                0x0000000000113158       0x51 binaries/lfsckfmt.o
 *fill*         0x00000000001131a9        0x3 
 .rodata.str1.4
                0x00000000001131ac       0x21 binaries/rflread.o
 .rodata.str1.4
                0x00000000001131cd       0x21 binaries/rflwrite.o
 *fill*         0x00000000001131cd        0x3 
 .rodata.str1.4
                0x00000000001131d0       0x75 binaries/rfscomm.o
 *fill*         0x0000000000113245        0x3 
 .rodata.str1.4
                0x0000000000113248       0x23 binaries/rfscontrol.o
 *fill*         0x000000000011326b        0x1 
 .rodata        0x000000000011326c       0x18 binaries/rfscontrol.o
 .rodata.str1.1
                0x0000000000113284       0x10 binaries/rfsinit.o
 .rodata.str1.4
                0x0000000000113284       0x57 binaries/rfsinit.o
 *fill*         0x00000000001132db        0x1 
 .rodata.str1.4
                0x00000000001132dc       0x2a binaries/rfsndmsg.o
 .rodata.str1.4
                0x0000000000113306       0x22 binaries/rfsopen.o
 .rodata.str1.1
                0x0000000000113306       0x19 binaries/arp.o
 *fill*         0x000000000011331f        0x1 
 .rodata.str1.4
                0x0000000000113320       0x21 binaries/arp.o
 *fill*         0x0000000000113341        0x3 
 .rodata.str1.4
                0x0000000000113344       0xa6 binaries/dhcp.o
 .rodata.str1.1
                0x00000000001133ea       0x4a binaries/dhcp.o
 .rodata.str1.1
                0x0000000000113434       0x5a binaries/hexdump.o
                                         0x61 (size before relaxing)
 *fill*         0x000000000011348e        0x2 
 .rodata.str1.4
                0x0000000000113490       0x67 binaries/hexdump.o
 *fill*         0x00000000001134f7        0x1 
 .rodata.str1.4
                0x00000000001134f8       0x29 binaries/icmp.o
 .rodata.str1.1
                0x0000000000113521       0x4e binaries/ip.o
 *fill*         0x000000000011356f        0x1 
 .rodata.str1.4
                0x0000000000113570       0x20 binaries/ip.o
 .rodata.str1.4
                0x0000000000113590       0x28 binaries/net.o
 .rodata.str1.1
                0x00000000001135b8       0x27 binaries/net.o
 *fill*         0x00000000001135df        0x1 
 .rodata.str1.4
                0x00000000001135e0       0xcf binaries/netstart.o
 .rodata.str1.1
                0x00000000001136af      0x141 binaries/pdump.o
                                        0x14b (size before relaxing)
 .rodata.str1.4
                0x00000000001137f0      0x126 binaries/pdump.o
 *fill*         0x0000000000113916        0x2 
 .rodata.str1.4
                0x0000000000113918      0x148 binaries/tftp.o
 .rodata.str1.1
                0x0000000000113a60        0x6 binaries/tftp.o
                                          0xa (size before relaxing)
 .rodata.str1.1
                0x0000000000113a66       0xe3 binaries/shell.o
                                         0xff (size before relaxing)
 *fill*         0x0000000000113b49        0x3 
 .rodata.str1.4
                0x0000000000113b4c      0x1c4 binaries/shell.o
 *fill*         0x0000000000113d10       0x10 
 .rodata        0x0000000000113d20       0xfc binaries/shell.o
                0x0000000000113d20                cmdtab
 .rodata.str1.1
                0x0000000000113e1c       0x26 binaries/xsh_argecho.o
                                         0x28 (size before relaxing)
 .rodata.str1.1
                0x0000000000113e42       0x70 binaries/xsh_arp.o
                                         0x72 (size before relaxing)
 *fill*         0x0000000000113eb2        0x2 
 .rodata.str1.4
                0x0000000000113eb4       0xb4 binaries/xsh_arp.o
 .rodata.str1.1
                0x0000000000113f68       0x2d binaries/xsh_cat.o
                                         0x4f (size before relaxing)
 *fill*         0x0000000000113f95        0x3 
 .rodata.str1.4
                0x0000000000113f98       0x52 binaries/xsh_cat.o
                                         0x79 (size before relaxing)
 .rodata.str1.1
                0x0000000000113fea       0x15 binaries/xsh_clear.o
 .rodata.str1.1
                0x0000000000113fff       0x46 binaries/xsh_date.o
                                         0x5f (size before relaxing)
 *fill*         0x0000000000114045        0x3 
 .rodata.str1.4
                0x0000000000114048      0x163 binaries/xsh_date.o
 .rodata.str1.1
                0x00000000001141ab       0x5d binaries/xsh_devdump.o
 .rodata.str1.1
                0x0000000000114208        0x4 binaries/xsh_echo.o
                                          0x9 (size before relaxing)
 .rodata.str1.1
                0x000000000011420c       0x65 binaries/xsh_help.o
                                         0xa3 (size before relaxing)
 *fill*         0x0000000000114271        0x3 
 .rodata.str1.4
                0x0000000000114274       0x7c binaries/xsh_help.o
                                         0xc6 (size before relaxing)
 .rodata.str1.1
                0x00000000001142f0       0x9c binaries/xsh_ipaddr.o
                                         0xf8 (size before relaxing)
 .rodata.str1.4
                0x000000000011438c       0x4d binaries/xsh_ipaddr.o
                                         0x99 (size before relaxing)
 .rodata.str1.1
                0x00000000001143d9       0x78 binaries/xsh_kill.o
                                         0x97 (size before relaxing)
 *fill*         0x0000000000114451        0x3 
 .rodata.str1.4
                0x0000000000114454       0x4a binaries/xsh_kill.o
                                         0x96 (size before relaxing)
 .rodata.str1.1
                0x000000000011449e       0x81 binaries/xsh_memdump.o
                                         0xa8 (size before relaxing)
 *fill*         0x000000000011451f        0x1 
 .rodata.str1.4
                0x0000000000114520      0x15a binaries/xsh_memdump.o
                                        0x1aa (size before relaxing)
 .rodata.str1.1
                0x000000000011467a       0x40 binaries/xsh_memstat.o
                                         0x79 (size before relaxing)
 *fill*         0x00000000001146ba        0x2 
 .rodata.str1.4
                0x00000000001146bc      0x187 binaries/xsh_memstat.o
                                        0x1af (size before relaxing)
 .rodata.str1.1
                0x0000000000114843       0x90 binaries/xsh_ping.o
                                         0xaf (size before relaxing)
 *fill*         0x00000000001148d3        0x1 
 .rodata.str1.4
                0x00000000001148d4       0x77 binaries/xsh_ping.o
                                         0xc6 (size before relaxing)
 .rodata.str1.1
                0x000000000011494b       0x74 binaries/xsh_ps.o
                                         0xd5 (size before relaxing)
 *fill*         0x00000000001149bf        0x1 
 .rodata.str1.4
                0x00000000001149c0       0x80 binaries/xsh_ps.o
                                         0xd0 (size before relaxing)
 .rodata        0x0000000000114a40       0x20 binaries/xsh_ps.o
 .rodata.str1.1
                0x0000000000114a60       0x31 binaries/xsh_sleep.o
                                         0x72 (size before relaxing)
 *fill*         0x0000000000114a91        0x3 
 .rodata.str1.4
                0x0000000000114a94       0x2a binaries/xsh_sleep.o
                                         0x7a (size before relaxing)
 .rodata.str1.1
                0x0000000000114abe       0x6b binaries/xsh_udpdump.o
                                         0xd2 (size before relaxing)
 *fill*         0x0000000000114b29        0x3 
 .rodata.str1.4
                0x0000000000114b2c       0x94 binaries/xsh_udpdump.o
                                         0xe4 (size before relaxing)
 .rodata.str1.1
                0x0000000000114bc0       0xdb binaries/xsh_udpecho.o
                                         0xfa (size before relaxing)
 *fill*         0x0000000000114c9b        0x1 
 .rodata.str1.4
                0x0000000000114c9c       0xc7 binaries/xsh_udpecho.o
                                        0x116 (size before relaxing)
 .rodata.str1.1
                0x0000000000114d63       0x66 binaries/xsh_udpeserver.o
                                         0x8f (size before relaxing)
 *fill*         0x0000000000114dc9        0x3 
 .rodata.str1.4
                0x0000000000114dcc       0x29 binaries/xsh_udpeserver.o
                                         0x9f (size before relaxing)
 .rodata.str1.1
                0x0000000000114df5       0x49 binaries/xsh_uptime.o
                                         0x8c (size before relaxing)
 *fill*         0x0000000000114e3e        0x2 
 .rodata.str1.4
                0x0000000000114e40       0x28 binaries/xsh_uptime.o
                                         0x76 (size before relaxing)
 .rodata.str1.1
                0x0000000000114e68       0x2c binaries/psinit.o
 .rodata.str1.4
                0x0000000000114e94       0x8a binaries/psinit.o
 .rodata.str1.1
                0x0000000000114f1e       0x1c binaries/read_bs.o
 *fill*         0x0000000000114f3a        0x2 
 .rodata.str1.4
                0x0000000000114f3c       0x59 binaries/read_bs.o
 .rodata.str1.1
                0x0000000000114f95       0x1c binaries/release_bs.o
 *fill*         0x0000000000114f95        0x3 
 .rodata.str1.4
                0x0000000000114f98       0x27 binaries/release_bs.o
 .rodata.str1.1
                0x0000000000114fbf       0x1c binaries/write_bs.o
 *fill*         0x0000000000114fbf        0x1 
 .rodata.str1.4
                0x0000000000114fc0       0x58 binaries/write_bs.o
                0x0000000000115018                etext = ABSOLUTE (.)
                0x0000000000116000                . = ALIGN (0x1000)
 *fill*         0x0000000000115018      0xfe8 

.eh_frame       0x0000000000116000     0x70a0
 .eh_frame      0x0000000000116000       0x78 binaries/ascdate.o
 .eh_frame      0x0000000000116078       0x14 binaries/bufinit.o
                                         0x2c (size before relaxing)
 .eh_frame      0x000000000011608c       0x40 binaries/chprio.o
                                         0x58 (size before relaxing)
 .eh_frame      0x00000000001160cc       0x18 binaries/clkhandler.o
                                         0x30 (size before relaxing)
 .eh_frame      0x00000000001160e4       0x3c binaries/clkinit.o
                                         0x54 (size before relaxing)
 .eh_frame      0x0000000000116120       0x3c binaries/close.o
                                         0x54 (size before relaxing)
 .eh_frame      0x000000000011615c       0x44 binaries/control.o
                                         0x5c (size before relaxing)
 .eh_frame      0x00000000001161a0       0x5c binaries/create.o
                                         0x74 (size before relaxing)
 .eh_frame      0x00000000001161fc      0x148 binaries/early_imr.o
                                        0x160 (size before relaxing)
 .eh_frame      0x0000000000116344       0x20 binaries/enable_paging.o
                                         0x38 (size before relaxing)
 .eh_frame      0x0000000000116364      0x1a8 binaries/evec.o
                                        0x1c0 (size before relaxing)
 .eh_frame      0x000000000011650c       0x50 binaries/freebuf.o
                                         0x68 (size before relaxing)
 .eh_frame      0x000000000011655c       0x58 binaries/freemem.o
                                         0x70 (size before relaxing)
 .eh_frame      0x00000000001165b4       0x40 binaries/getbuf.o
                                         0x58 (size before relaxing)
 .eh_frame      0x00000000001165f4       0x3c binaries/getc.o
                                         0x54 (size before relaxing)
 .eh_frame      0x0000000000116630       0x5c binaries/getdev.o
                                         0x74 (size before relaxing)
 .eh_frame      0x000000000011668c       0x4c binaries/getitem.o
                                         0x64 (size before relaxing)
 .eh_frame      0x00000000001166d8       0x50 binaries/getmem.o
                                         0x68 (size before relaxing)
 .eh_frame      0x0000000000116728       0x3c binaries/getpage.o
                                         0x54 (size before relaxing)
 .eh_frame      0x0000000000116764       0x2c binaries/getpage_old.o
                                         0x44 (size before relaxing)
 .eh_frame      0x0000000000116790       0x14 binaries/getpid.o
                                         0x2c (size before relaxing)
 .eh_frame      0x00000000001167a4       0x34 binaries/getprio.o
                                         0x4c (size before relaxing)
 .eh_frame      0x00000000001167d8       0x58 binaries/getstk.o
                                         0x70 (size before relaxing)
 .eh_frame      0x0000000000116830       0x20 binaries/gettime.o
                                         0x38 (size before relaxing)
 .eh_frame      0x0000000000116850       0x8c binaries/getutime.o
                                         0xa4 (size before relaxing)
 .eh_frame      0x00000000001168dc       0x68 binaries/identity_paging.o
                                         0x80 (size before relaxing)
 .eh_frame      0x0000000000116944       0x3c binaries/init.o
                                         0x54 (size before relaxing)
 .eh_frame      0x0000000000116980      0x108 binaries/initialize.o
                                        0x120 (size before relaxing)
 .eh_frame      0x0000000000116a88       0x7c binaries/initialize_paging.o
                                         0x94 (size before relaxing)
 .eh_frame      0x0000000000116b04       0x24 binaries/insert.o
                                         0x3c (size before relaxing)
 .eh_frame      0x0000000000116b28       0x38 binaries/insertd.o
                                         0x50 (size before relaxing)
 .eh_frame      0x0000000000116b60       0xa0 binaries/inverted_page_table.o
                                         0xb8 (size before relaxing)
 .eh_frame      0x0000000000116c00       0x14 binaries/ioerr.o
                                         0x2c (size before relaxing)
 .eh_frame      0x0000000000116c14       0x14 binaries/ionull.o
                                         0x2c (size before relaxing)
 .eh_frame      0x0000000000116c28       0x78 binaries/kill.o
                                         0x90 (size before relaxing)
 .eh_frame      0x0000000000116ca0       0x80 binaries/kprintf.o
                                         0x98 (size before relaxing)
 .eh_frame      0x0000000000116d20       0x2c binaries/main.o
                                         0x44 (size before relaxing)
 .eh_frame      0x0000000000116d4c       0x4c binaries/mark.o
                                         0x64 (size before relaxing)
 .eh_frame      0x0000000000116d98       0x38 binaries/meminit.o
                                         0x50 (size before relaxing)
 .eh_frame      0x0000000000116dd0       0x74 binaries/mkbufpool.o
                                         0x8c (size before relaxing)
 .eh_frame      0x0000000000116e44       0x14 binaries/newqueue.o
                                         0x2c (size before relaxing)
 .eh_frame      0x0000000000116e58       0x44 binaries/open.o
                                         0x5c (size before relaxing)
 .eh_frame      0x0000000000116e9c      0x100 binaries/page_isr_c.o
                                        0x118 (size before relaxing)
 .eh_frame      0x0000000000116f9c       0x20 binaries/panic.o
                                         0x38 (size before relaxing)
 .eh_frame      0x0000000000116fbc       0xec binaries/pci.o
                                        0x104 (size before relaxing)
 .eh_frame      0x00000000001170a8       0x38 binaries/platinit.o
                                         0x50 (size before relaxing)
 .eh_frame      0x00000000001170e0       0x68 binaries/ptclear.o
                                         0x80 (size before relaxing)
 .eh_frame      0x0000000000117148       0x50 binaries/ptcount.o
                                         0x68 (size before relaxing)
 .eh_frame      0x0000000000117198       0x60 binaries/ptcreate.o
                                         0x78 (size before relaxing)
 .eh_frame      0x00000000001171f8       0x44 binaries/ptdelete.o
                                         0x5c (size before relaxing)
 .eh_frame      0x000000000011723c       0x3c binaries/ptinit.o
                                         0x54 (size before relaxing)
 .eh_frame      0x0000000000117278       0x54 binaries/ptrecv.o
                                         0x6c (size before relaxing)
 .eh_frame      0x00000000001172cc       0x44 binaries/ptreset.o
                                         0x5c (size before relaxing)
 .eh_frame      0x0000000000117310       0x5c binaries/ptsend.o
                                         0x74 (size before relaxing)
 .eh_frame      0x000000000011736c       0x44 binaries/putc.o
                                         0x5c (size before relaxing)
 .eh_frame      0x00000000001173b0       0x60 binaries/quark_irq.o
                                         0x78 (size before relaxing)
 .eh_frame      0x0000000000117410       0xd0 binaries/quark_pdat.o
                                         0xe8 (size before relaxing)
 .eh_frame      0x00000000001174e0       0x34 binaries/queue.o
                                         0x4c (size before relaxing)
 .eh_frame      0x0000000000117514       0x44 binaries/read.o
                                         0x5c (size before relaxing)
 .eh_frame      0x0000000000117558       0x14 binaries/read_cr0.o
                                         0x2c (size before relaxing)
 .eh_frame      0x000000000011756c       0x28 binaries/ready.o
                                         0x40 (size before relaxing)
 .eh_frame      0x0000000000117594       0x38 binaries/receive.o
                                         0x50 (size before relaxing)
 .eh_frame      0x00000000001175cc       0x28 binaries/recvclr.o
                                         0x40 (size before relaxing)
 .eh_frame      0x00000000001175f4       0x50 binaries/recvtime.o
                                         0x68 (size before relaxing)
 .eh_frame      0x0000000000117644       0x70 binaries/resched.o
                                         0x88 (size before relaxing)
 .eh_frame      0x00000000001176b4       0x48 binaries/resume.o
                                         0x60 (size before relaxing)
 .eh_frame      0x00000000001176fc       0x40 binaries/seek.o
                                         0x58 (size before relaxing)
 .eh_frame      0x000000000011773c       0x34 binaries/semcount.o
                                         0x4c (size before relaxing)
 .eh_frame      0x0000000000117770       0x40 binaries/semcreate.o
                                         0x58 (size before relaxing)
 .eh_frame      0x00000000001177b0       0x5c binaries/semdelete.o
                                         0x74 (size before relaxing)
 .eh_frame      0x000000000011780c       0x68 binaries/semreset.o
                                         0x80 (size before relaxing)
 .eh_frame      0x0000000000117874       0x58 binaries/send.o
                                         0x70 (size before relaxing)
 .eh_frame      0x00000000001178cc       0x50 binaries/signal.o
                                         0x68 (size before relaxing)
 .eh_frame      0x000000000011791c       0x5c binaries/signaln.o
                                         0x74 (size before relaxing)
 .eh_frame      0x0000000000117978       0x74 binaries/sleep.o
                                         0x8c (size before relaxing)
 .eh_frame      0x00000000001179ec       0x9c binaries/stacktrace.o
                                         0xb4 (size before relaxing)
 .eh_frame      0x0000000000117a88       0x50 binaries/suspend.o
                                         0x68 (size before relaxing)
 .eh_frame      0x0000000000117ad8       0xe4 binaries/test.o
                                         0xfc (size before relaxing)
 .eh_frame      0x0000000000117bbc       0x44 binaries/unsleep.o
                                         0x5c (size before relaxing)
 .eh_frame      0x0000000000117c00       0x20 binaries/userret.o
                                         0x38 (size before relaxing)
 .eh_frame      0x0000000000117c20       0x74 binaries/vcreate.o
                                         0x8c (size before relaxing)
 .eh_frame      0x0000000000117c94       0x44 binaries/vfreemem.o
                                         0x5c (size before relaxing)
 .eh_frame      0x0000000000117cd8       0x24 binaries/vgetmem.o
                                         0x3c (size before relaxing)
 .eh_frame      0x0000000000117cfc      0x154 binaries/vmemlist.o
                                        0x16c (size before relaxing)
 .eh_frame      0x0000000000117e50       0x50 binaries/wait.o
                                         0x68 (size before relaxing)
 .eh_frame      0x0000000000117ea0       0x2c binaries/wakeup.o
                                         0x44 (size before relaxing)
 .eh_frame      0x0000000000117ecc       0x44 binaries/write.o
                                         0x5c (size before relaxing)
 .eh_frame      0x0000000000117f10       0x14 binaries/write_cr0.o
                                         0x2c (size before relaxing)
 .eh_frame      0x0000000000117f24       0x14 binaries/write_cr3.o
                                         0x2c (size before relaxing)
 .eh_frame      0x0000000000117f38       0x1c binaries/xdone.o
                                         0x34 (size before relaxing)
 .eh_frame      0x0000000000117f54       0x28 binaries/yield.o
                                         0x40 (size before relaxing)
 .eh_frame      0x0000000000117f7c       0x14 binaries/abs.o
                                         0x2c (size before relaxing)
 .eh_frame      0x0000000000117f90       0x24 binaries/atoi.o
                                         0x3c (size before relaxing)
 .eh_frame      0x0000000000117fb4       0x24 binaries/atol.o
                                         0x3c (size before relaxing)
 .eh_frame      0x0000000000117fd8       0x14 binaries/bzero.o
                                         0x2c (size before relaxing)
 .eh_frame      0x0000000000117fec      0x130 binaries/doprnt.o
                                        0x148 (size before relaxing)
 .eh_frame      0x000000000011811c      0x104 binaries/doscan.o
                                        0x11c (size before relaxing)
 .eh_frame      0x0000000000118220      0x110 binaries/fdoprnt.o
                                        0x128 (size before relaxing)
 .eh_frame      0x0000000000118330       0x20 binaries/fgetc.o
                                         0x38 (size before relaxing)
 .eh_frame      0x0000000000118350       0x44 binaries/fgets.o
                                         0x5c (size before relaxing)
 .eh_frame      0x0000000000118394       0x24 binaries/fprintf.o
                                         0x3c (size before relaxing)
 .eh_frame      0x00000000001183b8       0x20 binaries/fputc.o
                                         0x38 (size before relaxing)
 .eh_frame      0x00000000001183d8       0x38 binaries/fputs.o
                                         0x50 (size before relaxing)
 .eh_frame      0x0000000000118410       0x6c binaries/fscanf.o
                                         0x84 (size before relaxing)
 .eh_frame      0x000000000011847c       0x1c binaries/getchar.o
                                         0x34 (size before relaxing)
 .eh_frame      0x0000000000118498       0x14 binaries/labs.o
                                         0x2c (size before relaxing)
 .eh_frame      0x00000000001184ac       0x14 binaries/memchr.o
                                         0x2c (size before relaxing)
 .eh_frame      0x00000000001184c0       0x24 binaries/memcmp.o
                                         0x3c (size before relaxing)
 .eh_frame      0x00000000001184e4       0x24 binaries/memcpy.o
                                         0x3c (size before relaxing)
 .eh_frame      0x0000000000118508       0x1c binaries/memset.o
                                         0x34 (size before relaxing)
 .eh_frame      0x0000000000118524       0x24 binaries/printf.o
                                         0x3c (size before relaxing)
 .eh_frame      0x0000000000118548       0x20 binaries/putchar.o
                                         0x38 (size before relaxing)
 .eh_frame      0x0000000000118568       0xc0 binaries/qsort.o
                                         0xd8 (size before relaxing)
 .eh_frame      0x0000000000118628       0x28 binaries/rand.o
                                         0x40 (size before relaxing)
 .eh_frame      0x0000000000118650       0x48 binaries/sprintf.o
                                         0x60 (size before relaxing)
 .eh_frame      0x0000000000118698       0x54 binaries/sscanf.o
                                         0x6c (size before relaxing)
 .eh_frame      0x00000000001186ec       0x1c binaries/strchr.o
                                         0x34 (size before relaxing)
 .eh_frame      0x0000000000118708       0x1c binaries/strcmp.o
                                         0x34 (size before relaxing)
 .eh_frame      0x0000000000118724       0x14 binaries/strcpy.o
                                         0x2c (size before relaxing)
 .eh_frame      0x0000000000118738       0x14 binaries/strlen.o
                                         0x2c (size before relaxing)
 .eh_frame      0x000000000011874c       0x2c binaries/strncat.o
                                         0x44 (size before relaxing)
 .eh_frame      0x0000000000118778       0x1c binaries/strncmp.o
                                         0x34 (size before relaxing)
 .eh_frame      0x0000000000118794       0x30 binaries/strncpy.o
                                         0x48 (size before relaxing)
 .eh_frame      0x00000000001187c4       0x1c binaries/strnlen.o
                                         0x34 (size before relaxing)
 .eh_frame      0x00000000001187e0       0x1c binaries/strrchr.o
                                         0x34 (size before relaxing)
 .eh_frame      0x00000000001187fc       0x38 binaries/strstr.o
                                         0x50 (size before relaxing)
 .eh_frame      0x0000000000118834       0x48 binaries/ttycontrol.o
                                         0x60 (size before relaxing)
 .eh_frame      0x000000000011887c       0x38 binaries/ttygetc.o
                                         0x50 (size before relaxing)
 .eh_frame      0x00000000001188b4       0xd8 binaries/ttyhandle_in.o
                                         0xf0 (size before relaxing)
 .eh_frame      0x000000000011898c       0x64 binaries/ttyhandle_out.o
                                         0x7c (size before relaxing)
 .eh_frame      0x00000000001189f0       0x54 binaries/ttyhandler.o
                                         0x6c (size before relaxing)
 .eh_frame      0x0000000000118a44       0x48 binaries/ttyinit.o
                                         0x60 (size before relaxing)
 .eh_frame      0x0000000000118a8c       0x14 binaries/ttykickout.o
                                         0x2c (size before relaxing)
 .eh_frame      0x0000000000118aa0       0x58 binaries/ttyputc.o
                                         0x70 (size before relaxing)
 .eh_frame      0x0000000000118af8       0x60 binaries/ttyread.o
                                         0x78 (size before relaxing)
 .eh_frame      0x0000000000118b58       0x38 binaries/ttywrite.o
                                         0x50 (size before relaxing)
 .eh_frame      0x0000000000118b90       0x78 binaries/mount.o
                                         0x90 (size before relaxing)
 .eh_frame      0x0000000000118c08       0xe4 binaries/naminit.o
                                         0xfc (size before relaxing)
 .eh_frame      0x0000000000118cec       0xe8 binaries/nammap.o
                                        0x100 (size before relaxing)
 .eh_frame      0x0000000000118dd4       0x3c binaries/namopen.o
                                         0x54 (size before relaxing)
 .eh_frame      0x0000000000118e10       0x3c binaries/colon2mac.o
                                         0x54 (size before relaxing)
 .eh_frame      0x0000000000118e4c       0x40 binaries/ethcontrol.o
                                         0x58 (size before relaxing)
 .eh_frame      0x0000000000118e8c       0x58 binaries/ethhandler.o
                                         0x70 (size before relaxing)
 .eh_frame      0x0000000000118ee4      0x14c binaries/ethinit.o
                                        0x164 (size before relaxing)
 .eh_frame      0x0000000000119030       0xa0 binaries/ethmcast.o
                                         0xb8 (size before relaxing)
 .eh_frame      0x00000000001190d0       0x80 binaries/ethread.o
                                         0x98 (size before relaxing)
 .eh_frame      0x0000000000119150       0x44 binaries/ethwrite.o
                                         0x5c (size before relaxing)
 .eh_frame      0x0000000000119194       0x30 binaries/rdsbufalloc.o
                                         0x48 (size before relaxing)
 .eh_frame      0x00000000001191c4       0x3c binaries/rdsclose.o
                                         0x54 (size before relaxing)
 .eh_frame      0x0000000000119200       0x8c binaries/rdscomm.o
                                         0xa4 (size before relaxing)
 .eh_frame      0x000000000011928c       0xb0 binaries/rdscontrol.o
                                         0xc8 (size before relaxing)
 .eh_frame      0x000000000011933c       0x68 binaries/rdsinit.o
                                         0x80 (size before relaxing)
 .eh_frame      0x00000000001193a4       0x74 binaries/rdsopen.o
                                         0x8c (size before relaxing)
 .eh_frame      0x0000000000119418      0x108 binaries/rdsprocess.o
                                        0x120 (size before relaxing)
 .eh_frame      0x0000000000119520       0x7c binaries/rdsread.o
                                         0x94 (size before relaxing)
 .eh_frame      0x000000000011959c       0x80 binaries/rdswrite.o
                                         0x98 (size before relaxing)
 .eh_frame      0x000000000011961c       0x14 binaries/ramclose.o
                                         0x2c (size before relaxing)
 .eh_frame      0x0000000000119630       0x2c binaries/raminit.o
                                         0x44 (size before relaxing)
 .eh_frame      0x000000000011965c       0x14 binaries/ramopen.o
                                         0x2c (size before relaxing)
 .eh_frame      0x0000000000119670       0x20 binaries/ramread.o
[...]
 .comment       0x000000000000002a       0x2b binaries/write_bs.o

.note.GNU-stack
                0x0000000000000000        0x0
 .note.GNU-stack
                0x0000000000000000        0x0 binaries/ascdate.o
 .note.GNU-stack
                0x0000000000000000        0x0 binaries/bufinit.o
 .note.GNU-stack
                0x0000000000000000        0x0 binaries/chprio.o
 .note.GNU-stack
                0x0000000000000000        0x0 binaries/clkhandler.o
 .note.GNU-stack
                0x0000000000000000        0x0 binaries/clkinit.o
 .note.GNU-stack
                0x0000000000000000        0x0 binaries/close.o
 .note.GNU-stack
                0x0000000000000000        0x0 binaries/conf.o
 .note.GNU-stack
                0x0000000000000000        0x0 binaries/control.o
 .note.GNU-stack
                0x0000000000000000        0x0 binaries/create.o
 .note.GNU-stack
                0x0000000000000000        0x0 binaries/early_imr.o
 .note.GNU-stack
                0x0000000000000000        0x0 binaries/enable_paging.o
 .note.GNU-stack
                0x0000000000000000        0x0 binaries/evec.o
 .note.GNU-stack
                0x0000000000000000        0x0 binaries/freebuf.o
 .note.GNU-stack
                0x0000000000000000        0x0 binaries/freemem.o
 .note.GNU-stack
                0x0000000000000000        0x0 binaries/getbuf.o
 .note.GNU-stack
                0x0000000000000000        0x0 binaries/getc.o
 .note.GNU-stack
                0x0000000000000000        0x0 binaries/getdev.o
 .note.GNU-stack
                0x0000000000000000        0x0 binaries/getitem.o
 .note.GNU-stack
                0x0000000000000000        0x0 binaries/getmem.o
 .note.GNU-stack
                0x0000000000000000        0x0 binaries/getpage.o
 .note.GNU-stack
                0x0000000000000000        0x0 binaries/getpage_old.o
 .note.GNU-stack
                0x0000000000000000        0x0 binaries/getpid.o
 .note.GNU-stack
                0x0000000000000000        0x0 binaries/getprio.o
 .note.GNU-stack
                0x0000000000000000        0x0 binaries/getstk.o
 .note.GNU-stack
                0x0000000000000000        0x0 binaries/gettime.o
 .note.GNU-stack
                0x0000000000000000        0x0 binaries/getutime.o
 .note.GNU-stack
                0x0000000000000000        0x0 binaries/identity_paging.o
 .note.GNU-stack
                0x0000000000000000        0x0 binaries/init.o
 .note.GNU-stack
                0x0000000000000000        0x0 binaries/initialize.o
 .note.GNU-stack
                0x0000000000000000        0x0 binaries/initialize_paging.o
 .note.GNU-stack
                0x0000000000000000        0x0 binaries/insert.o
 .note.GNU-stack
                0x0000000000000000        0x0 binaries/insertd.o
 .note.GNU-stack
                0x0000000000000000        0x0 binaries/inverted_page_table.o
 .note.GNU-stack
                0x0000000000000000        0x0 binaries/ioerr.o
 .note.GNU-stack
                0x0000000000000000        0x0 binaries/ionull.o
 .note.GNU-stack
                0x0000000000000000        0x0 binaries/kill.o
 .note.GNU-stack
                0x0000000000000000        0x0 binaries/kprintf.o
 .note.GNU-stack
                0x0000000000000000        0x0 binaries/main.o
 .note.GNU-stack
                0x0000000000000000        0x0 binaries/mark.o
 .note.GNU-stack
                0x0000000000000000        0x0 binaries/meminit.o
 .note.GNU-stack
                0x0000000000000000        0x0 binaries/mkbufpool.o
 .note.GNU-stack
                0x0000000000000000        0x0 binaries/newqueue.o
 .note.GNU-stack
                0x0000000000000000        0x0 binaries/open.o
 .note.GNU-stack
                0x0000000000000000        0x0 binaries/page_isr_c.o
 .note.GNU-stack
                0x0000000000000000        0x0 binaries/panic.o
 .note.GNU-stack
                0x0000000000000000        0x0 binaries/pci.o
 .note.GNU-stack
                0x0000000000000000        0x0 binaries/platinit.o
 .note.GNU-stack
                0x0000000000000000        0x0 binaries/ptclear.o
 .note.GNU-stack
                0x0000000000000000        0x0 binaries/ptcount.o
 .note.GNU-stack
                0x0000000000000000        0x0 binaries/ptcreate.o
 .note.GNU-stack
                0x0000000000000000        0x0 binaries/ptdelete.o
 .note.GNU-stack
                0x0000000000000000        0x0 binaries/ptinit.o
 .note.GNU-stack
                0x0000000000000000        0x0 binaries/ptrecv.o
 .note.GNU-stack
                0x0000000000000000        0x0 binaries/ptreset.o
 .note.GNU-stack
                0x0000000000000000        0x0 binaries/ptsend.o
 .note.GNU-stack
                0x0000000000000000        0x0 binaries/putc.o
 .note.GNU-stack
                0x0000000000000000        0x0 binaries/quark_irq.o
 .note.GNU-stack
                0x0000000000000000        0x0 binaries/quark_pdat.o
 .note.GNU-stack
                0x0000000000000000        0x0 binaries/queue.o
 .note.GNU-stack
                0x0000000000000000        0x0 binaries/read.o
 .note.GNU-stack
                0x0000000000000000        0x0 binaries/read_cr0.o
 .note.GNU-stack
                0x0000000000000000        0x0 binaries/ready.o
 .note.GNU-stack
                0x0000000000000000        0x0 binaries/receive.o
 .note.GNU-stack
                0x0000000000000000        0x0 binaries/recvclr.o
 .note.GNU-stack
                0x0000000000000000        0x0 binaries/recvtime.o
 .note.GNU-stack
                0x0000000000000000        0x0 binaries/resched.o
 .note.GNU-stack
                0x0000000000000000        0x0 binaries/resume.o
 .note.GNU-stack
                0x0000000000000000        0x0 binaries/seek.o
 .note.GNU-stack
                0x0000000000000000        0x0 binaries/semcount.o
 .note.GNU-stack
                0x0000000000000000        0x0 binaries/semcreate.o
 .note.GNU-stack
                0x0000000000000000        0x0 binaries/semdelete.o
 .note.GNU-stack
                0x0000000000000000        0x0 binaries/semreset.o
 .note.GNU-stack
                0x0000000000000000        0x0 binaries/send.o
 .note.GNU-stack
                0x0000000000000000        0x0 binaries/signal.o
 .note.GNU-stack
                0x0000000000000000        0x0 binaries/signaln.o
 .note.GNU-stack
                0x0000000000000000        0x0 binaries/sleep.o
 .note.GNU-stack
                0x0000000000000000        0x0 binaries/stacktrace.o
 .note.GNU-stack
                0x0000000000000000        0x0 binaries/suspend.o
 .note.GNU-stack
                0x0000000000000000        0x0 binaries/test.o
 .note.GNU-stack
                0x0000000000000000        0x0 binaries/unsleep.o
 .note.GNU-stack
                0x0000000000000000        0x0 binaries/userret.o
 .note.GNU-stack
                0x0000000000000000        0x0 binaries/vcreate.o
 .note.GNU-stack
                0x0000000000000000        0x0 binaries/vfreemem.o
 .note.GNU-stack
                0x0000000000000000        0x0 binaries/vgetmem.o
 .note.GNU-stack
                0x0000000000000000        0x0 binaries/vmemlist.o
 .note.GNU-stack
                0x0000000000000000        0x0 binaries/wait.o
 .note.GNU-stack
                0x0000000000000000        0x0 binaries/wakeup.o
 .note.GNU-stack
                0x0000000000000000        0x0 binaries/write.o
 .note.GNU-stack
                0x0000000000000000        0x0 binaries/write_cr0.o
 .note.GNU-stack
                0x0000000000000000        0x0 binaries/write_cr3.o
 .note.GNU-stack
                0x0000000000000000        0x0 binaries/xdone.o
 .note.GNU-stack
                0x0000000000000000        0x0 binaries/yield.o
 .note.GNU-stack
                0x0000000000000000        0x0 binaries/abs.o
 .note.GNU-stack
                0x0000000000000000        0x0 binaries/atoi.o
 .note.GNU-stack
                0x0000000000000000        0x0 binaries/atol.o
 .note.GNU-stack
                0x0000000000000000        0x0 binaries/bzero.o
 .note.GNU-stack
                0x0000000000000000        0x0 binaries/ctype_.o
 .note.GNU-stack
                0x0000000000000000        0x0 binaries/doprnt.o
 .note.GNU-stack
                0x0000000000000000        0x0 binaries/doscan.o
 .note.GNU-stack
                0x0000000000000000        0x0 binaries/fdoprnt.o
 .note.GNU-stack
                0x0000000000000000        0x0 binaries/fgetc.o
 .note.GNU-stack
                0x0000000000000000        0x0 binaries/fgets.o
 .note.GNU-stack
                0x0000000000000000        0x0 binaries/fprintf.o
 .note.GNU-stack
                0x0000000000000000        0x0 binaries/fputc.o
 .note.GNU-stack
                0x0000000000000000        0x0 binaries/fputs.o
 .note.GNU-stack
                0x0000000000000000        0x0 binaries/fscanf.o
 .note.GNU-stack
                0x0000000000000000        0x0 binaries/getchar.o
 .note.GNU-stack
                0x0000000000000000        0x0 binaries/labs.o
 .note.GNU-stack
                0x0000000000000000        0x0 binaries/memchr.o
 .note.GNU-stack
                0x0000000000000000        0x0 binaries/memcmp.o
 .note.GNU-stack
                0x0000000000000000        0x0 binaries/memcpy.o
 .note.GNU-stack
                0x0000000000000000        0x0 binaries/memset.o
 .note.GNU-stack
                0x0000000000000000        0x0 binaries/printf.o
 .note.GNU-stack
                0x0000000000000000        0x0 binaries/putchar.o
 .note.GNU-stack
                0x0000000000000000        0x0 binaries/qsort.o
 .note.GNU-stack
                0x0000000000000000        0x0 binaries/rand.o
 .note.GNU-stack
                0x0000000000000000        0x0 binaries/sprintf.o
 .note.GNU-stack
                0x0000000000000000        0x0 binaries/sscanf.o
 .note.GNU-stack
                0x0000000000000000        0x0 binaries/strchr.o
 .note.GNU-stack
                0x0000000000000000        0x0 binaries/strcmp.o
 .note.GNU-stack
                0x0000000000000000        0x0 binaries/strcpy.o
 .note.GNU-stack
                0x0000000000000000        0x0 binaries/strlen.o
 .note.GNU-stack
                0x0000000000000000        0x0 binaries/strncat.o
 .note.GNU-stack
                0x0000000000000000        0x0 binaries/strncmp.o
 .note.GNU-stack
                0x0000000000000000        0x0 binaries/strncpy.o
 .note.GNU-stack
                0x0000000000000000        0x0 binaries/strnlen.o
 .note.GNU-stack
                0x0000000000000000        0x0 binaries/strrchr.o
 .note.GNU-stack
                0x0000000000000000        0x0 binaries/strstr.o
 .note.GNU-stack
                0x0000000000000000        0x0 binaries/ttycontrol.o
 .note.GNU-stack
                0x0000000000000000        0x0 binaries/ttygetc.o
 .note.GNU-stack
                0x0000000000000000        0x0 binaries/ttyhandle_in.o
 .note.GNU-stack
                0x0000000000000000        0x0 binaries/ttyhandle_out.o
 .note.GNU-stack
                0x0000000000000000        0x0 binaries/ttyhandler.o
 .note.GNU-stack
                0x0000000000000000        0x0 binaries/ttyinit.o
 .note.GNU-stack
                0x0000000000000000        0x0 binaries/ttykickout.o
 .note.GNU-stack
                0x0000000000000000        0x0 binaries/ttyputc.o
 .note.GNU-stack
                0x0000000000000000        0x0 binaries/ttyread.o
 .note.GNU-stack
                0x0000000000000000        0x0 binaries/ttywrite.o
 .note.GNU-stack
                0x0000000000000000        0x0 binaries/mount.o
 .note.GNU-stack
                0x0000000000000000        0x0 binaries/naminit.o
 .note.GNU-stack
                0x0000000000000000        0x0 binaries/nammap.o
 .note.GNU-stack
                0x0000000000000000        0x0 binaries/namopen.o
 .note.GNU-stack
                0x0000000000000000        0x0 binaries/colon2mac.o
 .note.GNU-stack
                0x0000000000000000        0x0 binaries/ethcontrol.o
 .note.GNU-stack
                0x0000000000000000        0x0 binaries/ethhandler.o
 .note.GNU-stack
                0x0000000000000000        0x0 binaries/ethinit.o
 .note.GNU-stack
                0x0000000000000000        0x0 binaries/ethmcast.o
 .note.GNU-stack
                0x0000000000000000        0x0 binaries/ethread.o
 .note.GNU-stack
                0x0000000000000000        0x0 binaries/ethwrite.o
 .note.GNU-stack
                0x0000000000000000        0x0 binaries/rdsbufalloc.o
 .note.GNU-stack
                0x0000000000000000        0x0 binaries/rdsclose.o
 .note.GNU-stack
                0x0000000000000000        0x0 binaries/rdscomm.o
 .note.GNU-stack
                0x0000000000000000        0x0 binaries/rdscontrol.o
 .note.GNU-stack
                0x0000000000000000        0x0 binaries/rdsinit.o
 .note.GNU-stack
                0x0000000000000000        0x0 binaries/rdsopen.o
 .note.GNU-stack
                0x0000000000000000        0x0 binaries/rdsprocess.o
 .note.GNU-stack
                0x0000000000000000        0x0 binaries/rdsread.o
 .note.GNU-stack
                0x0000000000000000        0x0 binaries/rdswrite.o
 .note.GNU-stack
                0x0000000000000000        0x0 binaries/ramclose.o
 .note.GNU-stack
                0x0000000000000000        0x0 binaries/raminit.o
 .note.GNU-stack
                0x0000000000000000        0x0 binaries/ramopen.o
 .note.GNU-stack
                0x0000000000000000        0x0 binaries/ramread.o
 .note.GNU-stack
                0x0000000000000000        0x0 binaries/ramwrite.o
 .note.GNU-stack
                0x0000000000000000        0x0 binaries/lfdballoc.o
 .note.GNU-stack
                0x0000000000000000        0x0 binaries/lfdbfree.o
 .note.GNU-stack
                0x0000000000000000        0x0 binaries/lfflush.o
 .note.GNU-stack
                0x0000000000000000        0x0 binaries/lfgetmode.o
 .note.GNU-stack
                0x0000000000000000        0x0 binaries/lfiballoc.o
 .note.GNU-stack
                0x0000000000000000        0x0 binaries/lfibclear.o
 .note.GNU-stack
                0x0000000000000000        0x0 binaries/lfibget.o
 .note.GNU-stack
                0x0000000000000000        0x0 binaries/lfibput.o
 .note.GNU-stack
                0x0000000000000000        0x0 binaries/lflclose.o
 .note.GNU-stack
                0x0000000000000000        0x0 binaries/lflcontrol.o
 .note.GNU-stack
                0x0000000000000000        0x0 binaries/lflgetc.o
 .note.GNU-stack
                0x0000000000000000        0x0 binaries/lflinit.o
 .note.GNU-stack
                0x0000000000000000        0x0 binaries/lflputc.o
 .note.GNU-stack
                0x0000000000000000        0x0 binaries/lflread.o
 .note.GNU-stack
                0x0000000000000000        0x0 binaries/lflseek.o
 .note.GNU-stack
                0x0000000000000000        0x0 binaries/lflwrite.o
 .note.GNU-stack
                0x0000000000000000        0x0 binaries/lfsckfmt.o
 .note.GNU-stack
                0x0000000000000000        0x0 binaries/lfscreate.o
 .note.GNU-stack
                0x0000000000000000        0x0 binaries/lfsetup.o
 .note.GNU-stack
                0x0000000000000000        0x0 binaries/lfsinit.o
 .note.GNU-stack
                0x0000000000000000        0x0 binaries/lfsopen.o
 .note.GNU-stack
                0x0000000000000000        0x0 binaries/lftruncate.o
 .note.GNU-stack
                0x0000000000000000        0x0 binaries/rflclose.o
 .note.GNU-stack
                0x0000000000000000        0x0 binaries/rflgetc.o
 .note.GNU-stack
                0x0000000000000000        0x0 binaries/rflinit.o
 .note.GNU-stack
                0x0000000000000000        0x0 binaries/rflputc.o
 .note.GNU-stack
                0x0000000000000000        0x0 binaries/rflread.o
 .note.GNU-stack
                0x0000000000000000        0x0 binaries/rflseek.o
 .note.GNU-stack
                0x0000000000000000        0x0 binaries/rflwrite.o
 .note.GNU-stack
                0x0000000000000000        0x0 binaries/rfscomm.o
 .note.GNU-stack
                0x0000000000000000        0x0 binaries/rfscontrol.o
 .note.GNU-stack
                0x0000000000000000        0x0 binaries/rfsgetmode.o
 .note.GNU-stack
                0x0000000000000000        0x0 binaries/rfsinit.o
 .note.GNU-stack
                0x0000000000000000        0x0 binaries/rfsndmsg.o
 .note.GNU-stack
                0x0000000000000000        0x0 binaries/rfsopen.o
 .note.GNU-stack
                0x0000000000000000        0x0 binaries/arp.o
 .note.GNU-stack
                0x0000000000000000        0x0 binaries/dhcp.o
 .note.GNU-stack
                0x0000000000000000        0x0 binaries/dot2ip.o
 .note.GNU-stack
                0x0000000000000000        0x0 binaries/hexdump.o
 .note.GNU-stack
                0x0000000000000000        0x0 binaries/icmp.o
 .note.GNU-stack
                0x0000000000000000        0x0 binaries/ip.o
 .note.GNU-stack
                0x0000000000000000        0x0 binaries/net.o
 .note.GNU-stack
                0x0000000000000000        0x0 binaries/netstart.o
 .note.GNU-stack
                0x0000000000000000        0x0 binaries/pdump.o
 .note.GNU-stack
                0x0000000000000000        0x0 binaries/tftp.o
 .note.GNU-stack
                0x0000000000000000        0x0 binaries/udp.o
 .note.GNU-stack
                0x0000000000000000        0x0 binaries/addargs.o
 .note.GNU-stack
                0x0000000000000000        0x0 binaries/lexan.o
 .note.GNU-stack
                0x0000000000000000        0x0 binaries/shell.o
 .note.GNU-stack
                0x0000000000000000        0x0 binaries/xsh_argecho.o
 .note.GNU-stack
                0x0000000000000000        0x0 binaries/xsh_arp.o
 .note.GNU-stack
                0x0000000000000000        0x0 binaries/xsh_cat.o
 .note.GNU-stack
                0x0000000000000000        0x0 binaries/xsh_clear.o
 .note.GNU-stack
                0x0000000000000000        0x0 binaries/xsh_date.o
 .note.GNU-stack
                0x0000000000000000        0x0 binaries/xsh_devdump.o
 .note.GNU-stack
                0x0000000000000000        0x0 binaries/xsh_echo.o
 .note.GNU-stack
                0x0000000000000000        0x0 binaries/xsh_exit.o
 .note.GNU-stack
                0x0000000000000000        0x0 binaries/xsh_help.o
 .note.GNU-stack
                0x0000000000000000        0x0 binaries/xsh_ipaddr.o
 .note.GNU-stack
                0x0000000000000000        0x0 binaries/xsh_kill.o
 .note.GNU-stack
                0x0000000000000000        0x0 binaries/xsh_memdump.o
 .note.GNU-stack
                0x0000000000000000        0x0 binaries/xsh_memstat.o
 .note.GNU-stack
                0x0000000000000000        0x0 binaries/xsh_ping.o
 .note.GNU-stack
                0x0000000000000000        0x0 binaries/xsh_ps.o
 .note.GNU-stack
                0x0000000000000000        0x0 binaries/xsh_sleep.o
 .note.GNU-stack
                0x0000000000000000        0x0 binaries/xsh_udpdump.o
 .note.GNU-stack
                0x0000000000000000        0x0 binaries/xsh_udpecho.o
 .note.GNU-stack
                0x0000000000000000        0x0 binaries/xsh_udpeserver.o
 .note.GNU-stack
                0x0000000000000000        0x0 binaries/xsh_uptime.o
 .note.GNU-stack
                0x0000000000000000        0x0 binaries/allocate_bs.o
 .note.GNU-stack
                0x0000000000000000        0x0 binaries/close_bs.o
 .note.GNU-stack
                0x0000000000000000        0x0 binaries/deallocate_bs.o
 .note.GNU-stack
                0x0000000000000000        0x0 binaries/get_bs.o
 .note.GNU-stack
                0x0000000000000000        0x0 binaries/open_bs.o
 .note.GNU-stack
                0x0000000000000000        0x0 binaries/psinit.o
 .note.GNU-stack
                0x0000000000000000        0x0 binaries/read_bs.o
 .note.GNU-stack
                0x0000000000000000        0x0 binaries/release_bs.o
 .note.GNU-stack
                0x0000000000000000        0x0 binaries/write_bs.o
